{"timestamp":"2026-09-10T04:12:40.458196Z","level":"info","event":"::group::Pre Execute","logger":"task","filename":"task_runner.py","lineno":2412}
{"timestamp":"2026-09-10T04:12:40.477407Z","level":"info","event":"DAG bundles loaded: dags-folder","ti_id":"01a0897d-89df-7c09-9bce-d36dd93770f8","dag_id":"f1_lakehouse_pipeline","map_index":-1,"run_id":"manual__2026-09-10T04:05:00.977350+00:00","try_number":1,"task_id":"dbt_build","logger":"airflow.dag_processing.bundles.manager.DagBundlesManager","filename":"manager.py","lineno":304}
{"timestamp":"2026-09-10T04:12:40.478002Z","level":"info","event":"Filling up the DagBag from /opt/airflow/dags/f1_lakehouse_pipeline.py","ti_id":"01a0897d-89df-7c09-9bce-d36dd93770f8","dag_id":"f1_lakehouse_pipeline","map_index":-1,"run_id":"manual__2026-09-10T04:05:00.977350+00:00","try_number":1,"task_id":"dbt_build","logger":"airflow.dag_processing.dagbag.BundleDagBag","filename":"dagbag.py","lineno":460}
{"timestamp":"2026-09-10T04:12:40.503930Z","level":"info","event":"Worker startup parse complete","bundle_name":"dags-folder","bundle_version":null,"dag_file":"f1_lakehouse_pipeline.py","dag_id":"f1_lakehouse_pipeline","bundle_prepare_ms":1,"dag_file_parse_ms":26,"ti_id":"01a0897d-89df-7c09-9bce-d36dd93770f8","map_index":-1,"run_id":"manual__2026-09-10T04:05:00.977350+00:00","try_number":1,"task_id":"dbt_build","logger":"task","filename":"task_runner.py","lineno":1073}
{"timestamp":"2026-09-10T04:12:40.528183Z","level":"info","event":"::endgroup::","ti_id":"01a0897d-89df-7c09-9bce-d36dd93770f8","dag_id":"f1_lakehouse_pipeline","map_index":-1,"run_id":"manual__2026-09-10T04:05:00.977350+00:00","try_number":1,"task_id":"dbt_build","logger":"task","filename":"task_runner.py","lineno":2232}
{"timestamp":"2026-09-10T04:12:40.529543Z","level":"info","event":"Executing: /opt/airflow/venvs/dbt/bin/dbt build --select +race_driver_performance +lap_telemetry_metrics --project-dir dbt --profiles-dir configs/dbt","logger":"task.stdout"}
{"timestamp":"2026-09-10T04:12:42.075070Z","level":"info","event":"\u001b[0m04:12:42  Running with dbt=1.12.4","logger":"task.stdout"}
{"timestamp":"2026-09-10T04:12:42.134379Z","level":"error","event":"INFO:trino.auth:keyring module not found. OAuth2 token will not be stored in keyring.","logger":"task.stderr"}
{"timestamp":"2026-09-10T04:12:42.138375Z","level":"error","event":"INFO:trino.auth:keyring module not found. OAuth2 token will not be stored in keyring.","logger":"task.stderr"}
{"timestamp":"2026-09-10T04:12:42.405195Z","level":"info","event":"\u001b[0m04:12:42  Registered adapter: trino=1.10.3","logger":"task.stdout"}
{"timestamp":"2026-09-10T04:12:42.851390Z","level":"info","event":"\u001b[0m04:12:42  Found 6 models, 47 data tests, 4 sources, 498 macros","logger":"task.stdout"}
{"timestamp":"2026-09-10T04:12:42.856090Z","level":"info","event":"\u001b[0m04:12:42","logger":"task.stdout"}
{"timestamp":"2026-09-10T04:12:42.856515Z","level":"info","event":"\u001b[0m04:12:42  Concurrency: 4 threads (target='dev')","logger":"task.stdout"}
{"timestamp":"2026-09-10T04:12:42.856798Z","level":"info","event":"\u001b[0m04:12:42","logger":"task.stdout"}
{"timestamp":"2026-09-10T04:12:42.900622Z","level":"info","event":"\u001b[0m04:12:42  [\u001b[33mWARNING\u001b[0m]: SSL certificate validation is disabled by default. It is legacy behavior which will be changed in future releases. It is strongly advised to enable `require_certificate_validation` flag or explicitly set `cert` configuration to `True` for security reasons. You may receive an error after that if your SSL setup is incorrect.","logger":"task.stdout"}
{"timestamp":"2026-09-10T04:12:42.900955Z","level":"info","event":"You may opt into the new behavior sooner by setting `flags.require_certificate_validation` to `True` in `dbt_project.yml`.","logger":"task.stdout"}
{"timestamp":"2026-09-10T04:12:42.901126Z","level":"info","event":"Visit https://docs.getdbt.com/reference/global-configs/behavior-changes for more information.","logger":"task.stdout"}
{"timestamp":"2026-09-10T04:12:43.130786Z","level":"info","event":"\u001b[0m04:12:43  1 of 53 START test source_not_null_bronze_laps_driver_code ..................... [RUN]","logger":"task.stdout"}
{"timestamp":"2026-09-10T04:12:43.132259Z","level":"info","event":"\u001b[0m04:12:43  2 of 53 START test source_not_null_bronze_laps_event_slug ...................... [RUN]","logger":"task.stdout"}
{"timestamp":"2026-09-10T04:12:43.132965Z","level":"info","event":"\u001b[0m04:12:43  3 of 53 START test source_not_null_bronze_laps_lap_number ...................... [RUN]","logger":"task.stdout"}
{"timestamp":"2026-09-10T04:12:43.133842Z","level":"info","event":"\u001b[0m04:12:43  4 of 53 START test source_not_null_bronze_laps_season .......................... [RUN]","logger":"task.stdout"}
{"timestamp":"2026-09-10T04:12:43.401135Z","level":"info","event":"\u001b[0m04:12:43  2 of 53 PASS source_not_null_bronze_laps_event_slug ............................ [\u001b[32mPASS\u001b[0m in 0.27s]","logger":"task.stdout"}
{"timestamp":"2026-09-10T04:12:43.408792Z","level":"info","event":"\u001b[0m04:12:43  5 of 53 START test source_not_null_bronze_laps_session_type .................... [RUN]","logger":"task.stdout"}
{"timestamp":"2026-09-10T04:12:43.419395Z","level":"info","event":"\u001b[0m04:12:43  1 of 53 PASS source_not_null_bronze_laps_driver_code ........................... [\u001b[32mPASS\u001b[0m in 0.28s]","logger":"task.stdout"}
{"timestamp":"2026-09-10T04:12:43.430783Z","level":"info","event":"\u001b[0m04:12:43  4 of 53 PASS source_not_null_bronze_laps_season ................................ [\u001b[32mPASS\u001b[0m in 0.28s]","logger":"task.stdout"}
{"timestamp":"2026-09-10T04:12:43.431574Z","level":"info","event":"\u001b[0m04:12:43  3 of 53 PASS source_not_null_bronze_laps_lap_number ............................ [\u001b[32mPASS\u001b[0m in 0.30s]","logger":"task.stdout"}
{"timestamp":"2026-09-10T04:12:43.441392Z","level":"info","event":"\u001b[0m04:12:43  6 of 53 START test source_not_null_bronze_results_driver_code .................. [RUN]","logger":"task.stdout"}
{"timestamp":"2026-09-10T04:12:43.442959Z","level":"info","event":"\u001b[0m04:12:43  7 of 53 START test source_not_null_bronze_results_event_slug ................... [RUN]","logger":"task.stdout"}
{"timestamp":"2026-09-10T04:12:43.444298Z","level":"info","event":"\u001b[0m04:12:43  8 of 53 START test source_not_null_bronze_results_season ....................... [RUN]","logger":"task.stdout"}
{"timestamp":"2026-09-10T04:12:43.584925Z","level":"info","event":"\u001b[0m04:12:43  7 of 53 PASS source_not_null_bronze_results_event_slug ......................... [\u001b[32mPASS\u001b[0m in 0.14s]","logger":"task.stdout"}
{"timestamp":"2026-09-10T04:12:43.586453Z","level":"info","event":"\u001b[0m04:12:43  8 of 53 PASS source_not_null_bronze_results_season ............................. [\u001b[32mPASS\u001b[0m in 0.14s]","logger":"task.stdout"}
{"timestamp":"2026-09-10T04:12:43.595538Z","level":"info","event":"\u001b[0m04:12:43  9 of 53 START test source_not_null_bronze_telemetry_driver_code ................ [RUN]","logger":"task.stdout"}
{"timestamp":"2026-09-10T04:12:43.596558Z","level":"info","event":"\u001b[0m04:12:43  5 of 53 PASS source_not_null_bronze_laps_session_type .......................... [\u001b[32mPASS\u001b[0m in 0.18s]","logger":"task.stdout"}
{"timestamp":"2026-09-10T04:12:43.597647Z","level":"info","event":"\u001b[0m04:12:43  6 of 53 PASS source_not_null_bronze_results_driver_code ........................ [\u001b[32mPASS\u001b[0m in 0.15s]","logger":"task.stdout"}
{"timestamp":"2026-09-10T04:12:43.598101Z","level":"info","event":"\u001b[0m04:12:43  10 of 53 START test source_not_null_bronze_telemetry_event_slug ................ [RUN]","logger":"task.stdout"}
{"timestamp":"2026-09-10T04:12:43.608475Z","level":"info","event":"\u001b[0m04:12:43  11 of 53 START test source_not_null_bronze_telemetry_lap_number ................ [RUN]","logger":"task.stdout"}
{"timestamp":"2026-09-10T04:12:43.612462Z","level":"info","event":"\u001b[0m04:12:43  12 of 53 START test source_not_null_bronze_telemetry_sample_timestamp_utc ...... [RUN]","logger":"task.stdout"}
{"timestamp":"2026-09-10T04:12:43.797748Z","level":"info","event":"\u001b[0m04:12:43  10 of 53 PASS source_not_null_bronze_telemetry_event_slug ...................... [\u001b[32mPASS\u001b[0m in 0.20s]","logger":"task.stdout"}
{"timestamp":"2026-09-10T04:12:43.808363Z","level":"info","event":"\u001b[0m04:12:43  9 of 53 PASS source_not_null_bronze_telemetry_driver_code ...................... [\u001b[32mPASS\u001b[0m in 0.21s]","logger":"task.stdout"}
{"timestamp":"2026-09-10T04:12:43.812896Z","level":"info","event":"\u001b[0m04:12:43  13 of 53 START test source_not_null_bronze_telemetry_season .................... [RUN]","logger":"task.stdout"}
{"timestamp":"2026-09-10T04:12:43.819306Z","level":"info","event":"\u001b[0m04:12:43  12 of 53 PASS source_not_null_bronze_telemetry_sample_timestamp_utc ............ [\u001b[32mPASS\u001b[0m in 0.20s]","logger":"task.stdout"}
{"timestamp":"2026-09-10T04:12:43.822125Z","level":"info","event":"\u001b[0m04:12:43  14 of 53 START test source_not_null_bronze_telemetry_session_type .............. [RUN]","logger":"task.stdout"}
{"timestamp":"2026-09-10T04:12:43.841093Z","level":"info","event":"\u001b[0m04:12:43  15 of 53 START test source_not_null_bronze_weather_event_slug .................. [RUN]","logger":"task.stdout"}
{"timestamp":"2026-09-10T04:12:43.843989Z","level":"info","event":"\u001b[0m04:12:43  11 of 53 PASS source_not_null_bronze_telemetry_lap_number ...................... [\u001b[32mPASS\u001b[0m in 0.22s]","logger":"task.stdout"}
{"timestamp":"2026-09-10T04:12:43.872626Z","level":"info","event":"\u001b[0m04:12:43  16 of 53 START test source_not_null_bronze_weather_season ...................... [RUN]","logger":"task.stdout"}
{"timestamp":"2026-09-10T04:12:44.030856Z","level":"info","event":"\u001b[0m04:12:44  14 of 53 PASS source_not_null_bronze_telemetry_session_type .................... [\u001b[32mPASS\u001b[0m in 0.19s]","logger":"task.stdout"}
{"timestamp":"2026-09-10T04:12:44.040508Z","level":"info","event":"\u001b[0m04:12:44  16 of 53 PASS source_not_null_bronze_weather_season ............................ [\u001b[32mPASS\u001b[0m in 0.16s]","logger":"task.stdout"}
{"timestamp":"2026-09-10T04:12:44.051615Z","level":"info","event":"\u001b[0m04:12:44  17 of 53 START sql table model silver.silver_laps .............................. [RUN]","logger":"task.stdout"}
{"timestamp":"2026-09-10T04:12:44.052928Z","level":"info","event":"\u001b[0m04:12:44  13 of 53 PASS source_not_null_bronze_telemetry_season .......................... [\u001b[32mPASS\u001b[0m in 0.24s]","logger":"task.stdout"}
{"timestamp":"2026-09-10T04:12:44.054324Z","level":"info","event":"\u001b[0m04:12:44  15 of 53 PASS source_not_null_bronze_weather_event_slug ........................ [\u001b[32mPASS\u001b[0m in 0.20s]","logger":"task.stdout"}
{"timestamp":"2026-09-10T04:12:44.055358Z","level":"info","event":"\u001b[0m04:12:44  18 of 53 START sql table model silver.silver_results ........................... [RUN]","logger":"task.stdout"}
{"timestamp":"2026-09-10T04:12:44.067934Z","level":"info","event":"\u001b[0m04:12:44  19 of 53 START sql table model silver.silver_telemetry ......................... [RUN]","logger":"task.stdout"}
{"timestamp":"2026-09-10T04:12:44.068985Z","level":"info","event":"\u001b[0m04:12:44  20 of 53 START sql table model silver.silver_weather ........................... [RUN]","logger":"task.stdout"}
{"timestamp":"2026-09-10T04:12:45.412282Z","level":"info","event":"\u001b[0m04:12:45  18 of 53 OK created sql table model silver.silver_results ...................... [\u001b[32mCREATE TABLE (22 rows)\u001b[0m in 1.34s]","logger":"task.stdout"}
{"timestamp":"2026-09-10T04:12:45.414856Z","level":"info","event":"\u001b[0m04:12:45  20 of 53 OK created sql table model silver.silver_weather ...................... [\u001b[32mCREATE TABLE (176 rows)\u001b[0m in 1.33s]","logger":"task.stdout"}
{"timestamp":"2026-09-10T04:12:45.422250Z","level":"info","event":"\u001b[0m04:12:45  21 of 53 START test not_null_silver_results_driver_code ........................ [RUN]","logger":"task.stdout"}
{"timestamp":"2026-09-10T04:12:45.425416Z","level":"info","event":"\u001b[0m04:12:45  22 of 53 START test not_null_silver_results_event_slug ......................... [RUN]","logger":"task.stdout"}
{"timestamp":"2026-09-10T04:12:45.493838Z","level":"info","event":"\u001b[0m04:12:45  17 of 53 OK created sql table model silver.silver_laps ......................... [\u001b[32mCREATE TABLE (914 rows)\u001b[0m in 1.43s]","logger":"task.stdout"}
{"timestamp":"2026-09-10T04:12:45.510988Z","level":"info","event":"\u001b[0m04:12:45  23 of 53 START test not_null_silver_results_position ........................... [RUN]","logger":"task.stdout"}
{"timestamp":"2026-09-10T04:12:45.849118Z","level":"info","event":"\u001b[0m04:12:45  21 of 53 PASS not_null_silver_results_driver_code .............................. [\u001b[32mPASS\u001b[0m in 0.43s]","logger":"task.stdout"}
{"timestamp":"2026-09-10T04:12:45.856316Z","level":"info","event":"\u001b[0m04:12:45  22 of 53 PASS not_null_silver_results_event_slug ............................... [\u001b[32mPASS\u001b[0m in 0.41s]","logger":"task.stdout"}
{"timestamp":"2026-09-10T04:12:45.861350Z","level":"info","event":"\u001b[0m04:12:45  24 of 53 START test not_null_silver_results_season ............................. [RUN]","logger":"task.stdout"}
{"timestamp":"2026-09-10T04:12:45.877718Z","level":"info","event":"\u001b[0m04:12:45  25 of 53 START test not_null_silver_results_session_type ....................... [RUN]","logger":"task.stdout"}
{"timestamp":"2026-09-10T04:12:45.882653Z","level":"info","event":"\u001b[0m04:12:45  23 of 53 PASS not_null_silver_results_position ................................. [\u001b[32mPASS\u001b[0m in 0.38s]","logger":"task.stdout"}
{"timestamp":"2026-09-10T04:12:45.906915Z","level":"info","event":"\u001b[0m04:12:45  26 of 53 START test not_null_silver_weather_event_slug ......................... [RUN]","logger":"task.stdout"}
{"timestamp":"2026-09-10T04:12:46.321064Z","level":"info","event":"\u001b[0m04:12:46  26 of 53 PASS not_null_silver_weather_event_slug ............................... [\u001b[32mPASS\u001b[0m in 0.41s]","logger":"task.stdout"}
{"timestamp":"2026-09-10T04:12:46.329070Z","level":"info","event":"\u001b[0m04:12:46  24 of 53 PASS not_null_silver_results_season ................................... [\u001b[32mPASS\u001b[0m in 0.45s]","logger":"task.stdout"}
{"timestamp":"2026-09-10T04:12:46.330988Z","level":"info","event":"\u001b[0m04:12:46  25 of 53 PASS not_null_silver_results_session_type ............................. [\u001b[32mPASS\u001b[0m in 0.44s]","logger":"task.stdout"}
{"timestamp":"2026-09-10T04:12:46.335095Z","level":"info","event":"\u001b[0m04:12:46  27 of 53 START test not_null_silver_weather_season ............................. [RUN]","logger":"task.stdout"}
{"timestamp":"2026-09-10T04:12:46.341079Z","level":"info","event":"\u001b[0m04:12:46  28 of 53 START test not_null_silver_weather_session_time_ms .................... [RUN]","logger":"task.stdout"}
{"timestamp":"2026-09-10T04:12:46.343320Z","level":"info","event":"\u001b[0m04:12:46  29 of 53 START test not_null_silver_weather_session_type ....................... [RUN]","logger":"task.stdout"}
{"timestamp":"2026-09-10T04:12:46.629715Z","level":"info","event":"\u001b[0m04:12:46  29 of 53 PASS not_null_silver_weather_session_type ............................. [\u001b[32mPASS\u001b[0m in 0.28s]","logger":"task.stdout"}
{"timestamp":"2026-09-10T04:12:46.633762Z","level":"info","event":"\u001b[0m04:12:46  30 of 53 START test no_duplicate_silver_laps ................................... [RUN]","logger":"task.stdout"}
{"timestamp":"2026-09-10T04:12:46.695598Z","level":"info","event":"\u001b[0m04:12:46  28 of 53 PASS not_null_silver_weather_session_time_ms .......................... [\u001b[32mPASS\u001b[0m in 0.34s]","logger":"task.stdout"}
{"timestamp":"2026-09-10T04:12:46.696236Z","level":"info","event":"\u001b[0m04:12:46  27 of 53 PASS not_null_silver_weather_season ................................... [\u001b[32mPASS\u001b[0m in 0.35s]","logger":"task.stdout"}
{"timestamp":"2026-09-10T04:12:46.700304Z","level":"info","event":"\u001b[0m04:12:46  31 of 53 START test not_null_silver_laps_driver_code ........................... [RUN]","logger":"task.stdout"}
{"timestamp":"2026-09-10T04:12:46.712632Z","level":"info","event":"\u001b[0m04:12:46  32 of 53 START test not_null_silver_laps_event_slug ............................ [RUN]","logger":"task.stdout"}
{"timestamp":"2026-09-10T04:12:46.941539Z","level":"info","event":"\u001b[0m04:12:46  32 of 53 PASS not_null_silver_laps_event_slug .................................. [\u001b[32mPASS\u001b[0m in 0.23s]","logger":"task.stdout"}
{"timestamp":"2026-09-10T04:12:46.948789Z","level":"info","event":"\u001b[0m04:12:46  33 of 53 START test not_null_silver_laps_lap_number ............................ [RUN]","logger":"task.stdout"}
{"timestamp":"2026-09-10T04:12:47.000190Z","level":"info","event":"\u001b[0m04:12:46  30 of 53 PASS no_duplicate_silver_laps ......................................... [\u001b[32mPASS\u001b[0m in 0.36s]","logger":"task.stdout"}
{"timestamp":"2026-09-10T04:12:47.003725Z","level":"info","event":"\u001b[0m04:12:47  34 of 53 START test not_null_silver_laps_lap_time_ms ........................... [RUN]","logger":"task.stdout"}
{"timestamp":"2026-09-10T04:12:47.050903Z","level":"info","event":"\u001b[0m04:12:47  31 of 53 PASS not_null_silver_laps_driver_code ................................. [\u001b[32mPASS\u001b[0m in 0.35s]","logger":"task.stdout"}
{"timestamp":"2026-09-10T04:12:47.062522Z","level":"info","event":"\u001b[0m04:12:47  35 of 53 START test not_null_silver_laps_season ................................ [RUN]","logger":"task.stdout"}
{"timestamp":"2026-09-10T04:12:47.199056Z","level":"info","event":"\u001b[0m04:12:47  33 of 53 PASS not_null_silver_laps_lap_number .................................. [\u001b[32mPASS\u001b[0m in 0.25s]","logger":"task.stdout"}
{"timestamp":"2026-09-10T04:12:47.228778Z","level":"info","event":"\u001b[0m04:12:47  34 of 53 PASS not_null_silver_laps_lap_time_ms ................................. [\u001b[32mPASS\u001b[0m in 0.22s]","logger":"task.stdout"}
{"timestamp":"2026-09-10T04:12:47.234944Z","level":"info","event":"\u001b[0m04:12:47  35 of 53 PASS not_null_silver_laps_season ...................................... [\u001b[32mPASS\u001b[0m in 0.17s]","logger":"task.stdout"}
{"timestamp":"2026-09-10T04:12:47.237636Z","level":"info","event":"\u001b[0m04:12:47  36 of 53 START sql table model gold.race_driver_performance .................... [RUN]","logger":"task.stdout"}
{"timestamp":"2026-09-10T04:12:47.803218Z","level":"info","event":"\u001b[0m04:12:47  36 of 53 OK created sql table model gold.race_driver_performance ............... [\u001b[32mCREATE TABLE (21 rows)\u001b[0m in 0.56s]","logger":"task.stdout"}
{"timestamp":"2026-09-10T04:12:47.806672Z","level":"info","event":"\u001b[0m04:12:47  37 of 53 START test no_duplicate_gold_driver_performance ....................... [RUN]","logger":"task.stdout"}
{"timestamp":"2026-09-10T04:12:47.808278Z","level":"info","event":"\u001b[0m04:12:47  38 of 53 START test not_null_race_driver_performance_avg_lap_seconds ........... [RUN]","logger":"task.stdout"}
{"timestamp":"2026-09-10T04:12:47.809697Z","level":"info","event":"\u001b[0m04:12:47  39 of 53 START test not_null_race_driver_performance_driver_code ............... [RUN]","logger":"task.stdout"}
{"timestamp":"2026-09-10T04:12:47.962744Z","level":"info","event":"\u001b[0m04:12:47  38 of 53 PASS not_null_race_driver_performance_avg_lap_seconds ................. [\u001b[32mPASS\u001b[0m in 0.15s]","logger":"task.stdout"}
{"timestamp":"2026-09-10T04:12:47.976169Z","level":"info","event":"\u001b[0m04:12:47  39 of 53 PASS not_null_race_driver_performance_driver_code ..................... [\u001b[32mPASS\u001b[0m in 0.16s]","logger":"task.stdout"}
{"timestamp":"2026-09-10T04:12:47.984125Z","level":"info","event":"\u001b[0m04:12:47  40 of 53 START test not_null_race_driver_performance_event_slug ................ [RUN]","logger":"task.stdout"}
{"timestamp":"2026-09-10T04:12:47.988697Z","level":"info","event":"\u001b[0m04:12:47  41 of 53 START test not_null_race_driver_performance_season .................... [RUN]","logger":"task.stdout"}
{"timestamp":"2026-09-10T04:12:47.991190Z","level":"info","event":"\u001b[0m04:12:47  37 of 53 PASS no_duplicate_gold_driver_performance ............................. [\u001b[32mPASS\u001b[0m in 0.18s]","logger":"task.stdout"}
{"timestamp":"2026-09-10T04:12:48.015403Z","level":"info","event":"\u001b[0m04:12:48  42 of 53 START test not_null_race_driver_performance_valid_laps ................ [RUN]","logger":"task.stdout"}
{"timestamp":"2026-09-10T04:12:48.141725Z","level":"info","event":"\u001b[0m04:12:48  42 of 53 PASS not_null_race_driver_performance_valid_laps ...................... [\u001b[32mPASS\u001b[0m in 0.12s]","logger":"task.stdout"}
{"timestamp":"2026-09-10T04:12:48.149713Z","level":"info","event":"\u001b[0m04:12:48  40 of 53 PASS not_null_race_driver_performance_event_slug ...................... [\u001b[32mPASS\u001b[0m in 0.16s]","logger":"task.stdout"}
{"timestamp":"2026-09-10T04:12:48.152143Z","level":"info","event":"\u001b[0m04:12:48  41 of 53 PASS not_null_race_driver_performance_season .......................... [\u001b[32mPASS\u001b[0m in 0.16s]","logger":"task.stdout"}
{"timestamp":"2026-09-10T04:12:49.770778Z","level":"info","event":"\u001b[0m04:12:49  19 of 53 OK created sql table model silver.silver_telemetry .................... [\u001b[32mCREATE TABLE (732_176 rows)\u001b[0m in 5.70s]","logger":"task.stdout"}
{"timestamp":"2026-09-10T04:12:49.780103Z","level":"info","event":"\u001b[0m04:12:49  43 of 53 START test no_duplicate_telemetry_samples ............................. [RUN]","logger":"task.stdout"}
{"timestamp":"2026-09-10T04:12:49.785811Z","level":"info","event":"\u001b[0m04:12:49  44 of 53 START test not_null_silver_telemetry_driver_code ...................... [RUN]","logger":"task.stdout"}
{"timestamp":"2026-09-10T04:12:49.786461Z","level":"info","event":"\u001b[0m04:12:49  45 of 53 START test not_null_silver_telemetry_event_slug ....................... [RUN]","logger":"task.stdout"}
{"timestamp":"2026-09-10T04:12:49.787770Z","level":"info","event":"\u001b[0m04:12:49  46 of 53 START test not_null_silver_telemetry_lap_number ....................... [RUN]","logger":"task.stdout"}
{"timestamp":"2026-09-10T04:12:50.070470Z","level":"info","event":"\u001b[0m04:12:50  44 of 53 PASS not_null_silver_telemetry_driver_code ............................ [\u001b[32mPASS\u001b[0m in 0.28s]","logger":"task.stdout"}
{"timestamp":"2026-09-10T04:12:50.074161Z","level":"info","event":"\u001b[0m04:12:50  46 of 53 PASS not_null_silver_telemetry_lap_number ............................. [\u001b[32mPASS\u001b[0m in 0.28s]","logger":"task.stdout"}
{"timestamp":"2026-09-10T04:12:50.076857Z","level":"info","event":"\u001b[0m04:12:50  45 of 53 PASS not_null_silver_telemetry_event_slug ............................. [\u001b[32mPASS\u001b[0m in 0.28s]","logger":"task.stdout"}
{"timestamp":"2026-09-10T04:12:50.078980Z","level":"info","event":"\u001b[0m04:12:50  47 of 53 START test not_null_silver_telemetry_sample_timestamp_utc ............. [RUN]","logger":"task.stdout"}
{"timestamp":"2026-09-10T04:12:50.083772Z","level":"info","event":"\u001b[0m04:12:50  48 of 53 START test not_null_silver_telemetry_season ........................... [RUN]","logger":"task.stdout"}
{"timestamp":"2026-09-10T04:12:50.085495Z","level":"info","event":"\u001b[0m04:12:50  49 of 53 START test not_null_silver_telemetry_session_type ..................... [RUN]","logger":"task.stdout"}
{"timestamp":"2026-09-10T04:12:50.249536Z","level":"info","event":"\u001b[0m04:12:50  47 of 53 PASS not_null_silver_telemetry_sample_timestamp_utc ................... [\u001b[32mPASS\u001b[0m in 0.17s]","logger":"task.stdout"}
{"timestamp":"2026-09-10T04:12:50.252865Z","level":"info","event":"\u001b[0m04:12:50  49 of 53 PASS not_null_silver_telemetry_session_type ........................... [\u001b[32mPASS\u001b[0m in 0.15s]","logger":"task.stdout"}
{"timestamp":"2026-09-10T04:12:50.256903Z","level":"info","event":"\u001b[0m04:12:50  50 of 53 START test not_null_silver_telemetry_speed_kph ........................ [RUN]","logger":"task.stdout"}
{"timestamp":"2026-09-10T04:12:50.260789Z","level":"info","event":"\u001b[0m04:12:50  48 of 53 PASS not_null_silver_telemetry_season ................................. [\u001b[32mPASS\u001b[0m in 0.17s]","logger":"task.stdout"}
{"timestamp":"2026-09-10T04:12:50.262078Z","level":"info","event":"\u001b[0m04:12:50  51 of 53 START test not_null_silver_telemetry_throttle_pct ..................... [RUN]","logger":"task.stdout"}
{"timestamp":"2026-09-10T04:12:50.275737Z","level":"info","event":"\u001b[0m04:12:50  52 of 53 START test valid_telemetry_ranges ..................................... [RUN]","logger":"task.stdout"}
{"timestamp":"2026-09-10T04:12:50.423262Z","level":"info","event":"\u001b[0m04:12:50  50 of 53 PASS not_null_silver_telemetry_speed_kph .............................. [\u001b[32mPASS\u001b[0m in 0.16s]","logger":"task.stdout"}
{"timestamp":"2026-09-10T04:12:50.433336Z","level":"info","event":"\u001b[0m04:12:50  43 of 53 PASS no_duplicate_telemetry_samples ................................... [\u001b[32mPASS\u001b[0m in 0.64s]","logger":"task.stdout"}
{"timestamp":"2026-09-10T04:12:50.442166Z","level":"info","event":"\u001b[0m04:12:50  51 of 53 PASS not_null_silver_telemetry_throttle_pct ........................... [\u001b[32mPASS\u001b[0m in 0.17s]","logger":"task.stdout"}
{"timestamp":"2026-09-10T04:12:50.493929Z","level":"info","event":"\u001b[0m04:12:50  52 of 53 PASS valid_telemetry_ranges ........................................... [\u001b[32mPASS\u001b[0m in 0.21s]","logger":"task.stdout"}
{"timestamp":"2026-09-10T04:12:50.495839Z","level":"info","event":"\u001b[0m04:12:50  53 of 53 START sql table model gold.lap_telemetry_metrics ...................... [RUN]","logger":"task.stdout"}
{"timestamp":"2026-09-10T04:12:51.228554Z","level":"info","event":"\u001b[0m04:12:51  53 of 53 OK created sql table model gold.lap_telemetry_metrics ................. [\u001b[32mCREATE TABLE (1_054 rows)\u001b[0m in 0.73s]","logger":"task.stdout"}
{"timestamp":"2026-09-10T04:12:51.234073Z","level":"info","event":"\u001b[0m04:12:51","logger":"task.stdout"}
{"timestamp":"2026-09-10T04:12:51.234427Z","level":"info","event":"\u001b[0m04:12:51  Finished running 6 table models, 47 data tests in 0 hours 0 minutes and 8.38 seconds (8.38s).","logger":"task.stdout"}
{"timestamp":"2026-09-10T04:12:51.288887Z","level":"info","event":"\u001b[0m04:12:51","logger":"task.stdout"}
{"timestamp":"2026-09-10T04:12:51.289269Z","level":"info","event":"\u001b[0m04:12:51  \u001b[32mCompleted successfully\u001b[0m","logger":"task.stdout"}
{"timestamp":"2026-09-10T04:12:51.289522Z","level":"info","event":"\u001b[0m04:12:51","logger":"task.stdout"}
{"timestamp":"2026-09-10T04:12:51.289836Z","level":"info","event":"\u001b[0m04:12:51  Done. PASS=53 WARN=0 ERROR=0 SKIP=0 NO-OP=0 REUSED=0 TOTAL=53","logger":"task.stdout"}
{"timestamp":"2026-09-10T04:12:51.987603Z","level":"info","event":"Done. Returned value was: None","ti_id":"01a0897d-89df-7c09-9bce-d36dd93770f8","dag_id":"f1_lakehouse_pipeline","map_index":-1,"run_id":"manual__2026-09-10T04:05:00.977350+00:00","try_number":1,"task_id":"dbt_build","logger":"airflow.task.operators.airflow.providers.standard.decorators.python._PythonDecoratedOperator","filename":"python.py","lineno":233}
{"timestamp":"2026-09-10T04:12:51.987815Z","level":"info","event":"::group::Post Execute","ti_id":"01a0897d-89df-7c09-9bce-d36dd93770f8","dag_id":"f1_lakehouse_pipeline","map_index":-1,"run_id":"manual__2026-09-10T04:05:00.977350+00:00","try_number":1,"task_id":"dbt_build","logger":"task","filename":"task_runner.py","lineno":1580}
{"timestamp":"2026-09-10T04:12:52.014082Z","level":"info","event":"::endgroup::","ti_id":"01a0897d-89df-7c09-9bce-d36dd93770f8","dag_id":"f1_lakehouse_pipeline","map_index":-1,"run_id":"manual__2026-09-10T04:05:00.977350+00:00","try_number":1,"task_id":"dbt_build","logger":"task","filename":"task_runner.py","lineno":2379}
