{"timestamp":"2026-09-10T04:05:11.673926Z","level":"info","event":"::group::Pre Execute","logger":"task","filename":"task_runner.py","lineno":2412}
{"timestamp":"2026-09-10T04:05:11.746222Z","level":"info","event":"DAG bundles loaded: dags-folder","try_number":1,"run_id":"manual__2026-09-10T04:05:00.977350+00:00","task_id":"promote_laps","dag_id":"f1_lakehouse_pipeline","ti_id":"01a0897d-89d9-7978-b026-958e2d69b698","map_index":-1,"logger":"airflow.dag_processing.bundles.manager.DagBundlesManager","filename":"manager.py","lineno":304}
{"timestamp":"2026-09-10T04:05:11.747132Z","level":"info","event":"Filling up the DagBag from /opt/airflow/dags/f1_lakehouse_pipeline.py","try_number":1,"run_id":"manual__2026-09-10T04:05:00.977350+00:00","task_id":"promote_laps","dag_id":"f1_lakehouse_pipeline","ti_id":"01a0897d-89d9-7978-b026-958e2d69b698","map_index":-1,"logger":"airflow.dag_processing.dagbag.BundleDagBag","filename":"dagbag.py","lineno":460}
{"timestamp":"2026-09-10T04:05:11.793070Z","level":"info","event":"Worker startup parse complete","bundle_name":"dags-folder","bundle_version":null,"dag_file":"f1_lakehouse_pipeline.py","dag_id":"f1_lakehouse_pipeline","bundle_prepare_ms":1,"dag_file_parse_ms":46,"try_number":1,"run_id":"manual__2026-09-10T04:05:00.977350+00:00","task_id":"promote_laps","ti_id":"01a0897d-89d9-7978-b026-958e2d69b698","map_index":-1,"logger":"task","filename":"task_runner.py","lineno":1073}
{"timestamp":"2026-09-10T04:05:11.861667Z","level":"info","event":"::endgroup::","try_number":1,"run_id":"manual__2026-09-10T04:05:00.977350+00:00","task_id":"promote_laps","dag_id":"f1_lakehouse_pipeline","ti_id":"01a0897d-89d9-7978-b026-958e2d69b698","map_index":-1,"logger":"task","filename":"task_runner.py","lineno":2232}
{"timestamp":"2026-09-10T04:05:11.863052Z","level":"info","event":"Executing: /opt/airflow/venvs/pipeline/bin/python src/iceberg/promote_laps.py --year 2026 --event Italian Grand Prix --session R","logger":"task.stdout"}
{"timestamp":"2026-09-10T04:05:13.575583Z","level":"info","event":"======================================================================","logger":"task.stdout"}
{"timestamp":"2026-09-10T04:05:13.575990Z","level":"info","event":"READ RAW DATA","logger":"task.stdout"}
{"timestamp":"2026-09-10T04:05:13.576219Z","level":"info","event":"======================================================================","logger":"task.stdout"}
{"timestamp":"2026-09-10T04:05:13.576407Z","level":"info","event":"s3://f1-raw/season=2026/event=italian-grand-prix/session=R/laps.parquet","logger":"task.stdout"}
{"timestamp":"2026-09-10T04:05:13.576587Z","level":"info","event":"Raw rows:    1,054","logger":"task.stdout"}
{"timestamp":"2026-09-10T04:05:13.576753Z","level":"info","event":"Raw columns: 31","logger":"task.stdout"}
{"timestamp":"2026-09-10T04:05:13.576930Z","level":"info","event":"","logger":"task.stdout"}
{"timestamp":"2026-09-10T04:05:13.577105Z","level":"info","event":"======================================================================","logger":"task.stdout"}
{"timestamp":"2026-09-10T04:05:13.577303Z","level":"info","event":"NORMALIZE BRONZE SCHEMA","logger":"task.stdout"}
{"timestamp":"2026-09-10T04:05:13.577480Z","level":"info","event":"======================================================================","logger":"task.stdout"}
{"timestamp":"2026-09-10T04:05:13.577643Z","level":"info","event":"Bronze rows:    1,054","logger":"task.stdout"}
{"timestamp":"2026-09-10T04:05:13.577796Z","level":"info","event":"Bronze columns: 29","logger":"task.stdout"}
{"timestamp":"2026-09-10T04:05:13.577997Z","level":"info","event":"","logger":"task.stdout"}
{"timestamp":"2026-09-10T04:05:13.578159Z","level":"info","event":"season: int32","logger":"task.stdout"}
{"timestamp":"2026-09-10T04:05:13.578318Z","level":"info","event":"event_name: string","logger":"task.stdout"}
{"timestamp":"2026-09-10T04:05:13.578495Z","level":"info","event":"event_slug: string","logger":"task.stdout"}
{"timestamp":"2026-09-10T04:05:13.578643Z","level":"info","event":"session_type: string","logger":"task.stdout"}
{"timestamp":"2026-09-10T04:05:13.578793Z","level":"info","event":"driver_code: string","logger":"task.stdout"}
{"timestamp":"2026-09-10T04:05:13.578979Z","level":"info","event":"driver_number: string","logger":"task.stdout"}
{"timestamp":"2026-09-10T04:05:13.579146Z","level":"info","event":"team_name: string","logger":"task.stdout"}
{"timestamp":"2026-09-10T04:05:13.579297Z","level":"info","event":"lap_number: int32","logger":"task.stdout"}
{"timestamp":"2026-09-10T04:05:13.579444Z","level":"info","event":"stint: int32","logger":"task.stdout"}
{"timestamp":"2026-09-10T04:05:13.579590Z","level":"info","event":"position: int32","logger":"task.stdout"}
{"timestamp":"2026-09-10T04:05:13.579728Z","level":"info","event":"lap_time_ms: int64","logger":"task.stdout"}
{"timestamp":"2026-09-10T04:05:13.579884Z","level":"info","event":"sector_1_ms: int64","logger":"task.stdout"}
{"timestamp":"2026-09-10T04:05:13.580043Z","level":"info","event":"sector_2_ms: int64","logger":"task.stdout"}
{"timestamp":"2026-09-10T04:05:13.580198Z","level":"info","event":"sector_3_ms: int64","logger":"task.stdout"}
{"timestamp":"2026-09-10T04:05:13.580368Z","level":"info","event":"speed_i1: double","logger":"task.stdout"}
{"timestamp":"2026-09-10T04:05:13.580522Z","level":"info","event":"speed_i2: double","logger":"task.stdout"}
{"timestamp":"2026-09-10T04:05:13.580673Z","level":"info","event":"speed_fl: double","logger":"task.stdout"}
{"timestamp":"2026-09-10T04:05:13.580836Z","level":"info","event":"speed_st: double","logger":"task.stdout"}
{"timestamp":"2026-09-10T04:05:13.580988Z","level":"info","event":"compound: string","logger":"task.stdout"}
{"timestamp":"2026-09-10T04:05:13.581135Z","level":"info","event":"tyre_life: double","logger":"task.stdout"}
{"timestamp":"2026-09-10T04:05:13.581284Z","level":"info","event":"fresh_tyre: bool","logger":"task.stdout"}
{"timestamp":"2026-09-10T04:05:13.581430Z","level":"info","event":"track_status: string","logger":"task.stdout"}
{"timestamp":"2026-09-10T04:05:13.581578Z","level":"info","event":"is_personal_best: bool","logger":"task.stdout"}
{"timestamp":"2026-09-10T04:05:13.581742Z","level":"info","event":"is_accurate: bool","logger":"task.stdout"}
{"timestamp":"2026-09-10T04:05:13.581921Z","level":"info","event":"deleted: bool","logger":"task.stdout"}
{"timestamp":"2026-09-10T04:05:13.582080Z","level":"info","event":"deleted_reason: string","logger":"task.stdout"}
{"timestamp":"2026-09-10T04:05:13.582238Z","level":"info","event":"lap_start_date: timestamp[us, tz=UTC]","logger":"task.stdout"}
{"timestamp":"2026-09-10T04:05:13.582387Z","level":"info","event":"source_system: string","logger":"task.stdout"}
{"timestamp":"2026-09-10T04:05:13.582672Z","level":"info","event":"ingested_at: timestamp[us, tz=UTC]","logger":"task.stdout"}
{"timestamp":"2026-09-10T04:05:13.582910Z","level":"info","event":"-- schema metadata --","logger":"task.stdout"}
{"timestamp":"2026-09-10T04:05:13.583047Z","level":"info","event":"pandas: '{\"index_columns\": [], \"column_indexes\": [], \"columns\": [{\"name\":' + 3608","logger":"task.stdout"}
{"timestamp":"2026-09-10T04:05:13.583111Z","level":"info","event":"","logger":"task.stdout"}
{"timestamp":"2026-09-10T04:05:13.583168Z","level":"info","event":"======================================================================","logger":"task.stdout"}
{"timestamp":"2026-09-10T04:05:13.583221Z","level":"info","event":"ICEBERG WRITE","logger":"task.stdout"}
{"timestamp":"2026-09-10T04:05:13.583270Z","level":"info","event":"======================================================================","logger":"task.stdout"}
{"timestamp":"2026-09-10T04:05:13.583316Z","level":"info","event":"Writing partition with dynamic partition overwrite...","logger":"task.stdout"}
{"timestamp":"2026-09-10T04:05:13.583365Z","level":"info","event":"Write committed.","logger":"task.stdout"}
{"timestamp":"2026-09-10T04:05:13.583411Z","level":"info","event":"","logger":"task.stdout"}
{"timestamp":"2026-09-10T04:05:13.583458Z","level":"info","event":"======================================================================","logger":"task.stdout"}
{"timestamp":"2026-09-10T04:05:13.583514Z","level":"info","event":"ICEBERG READ-BACK","logger":"task.stdout"}
{"timestamp":"2026-09-10T04:05:13.583569Z","level":"info","event":"======================================================================","logger":"task.stdout"}
{"timestamp":"2026-09-10T04:05:13.583617Z","level":"info","event":"Total Iceberg rows: 1,054","logger":"task.stdout"}
{"timestamp":"2026-09-10T04:05:13.583666Z","level":"info","event":"","logger":"task.stdout"}
{"timestamp":"2026-09-10T04:05:13.583716Z","level":"info","event":" season         event_name session_type driver_code  lap_number  position  lap_time_ms compound","logger":"task.stdout"}
{"timestamp":"2026-09-10T04:05:13.583769Z","level":"info","event":"   2026 Italian Grand Prix            R         NOR           1         7      91580.0   MEDIUM","logger":"task.stdout"}
{"timestamp":"2026-09-10T04:05:13.583820Z","level":"info","event":"   2026 Italian Grand Prix            R         NOR           2         6      86915.0   MEDIUM","logger":"task.stdout"}
{"timestamp":"2026-09-10T04:05:13.583895Z","level":"info","event":"   2026 Italian Grand Prix            R         NOR           3         6     135827.0   MEDIUM","logger":"task.stdout"}
{"timestamp":"2026-09-10T04:05:13.583948Z","level":"info","event":"   2026 Italian Grand Prix            R         NOR           4         6          NaN     HARD","logger":"task.stdout"}
{"timestamp":"2026-09-10T04:05:13.584001Z","level":"info","event":"   2026 Italian Grand Prix            R         NOR           5         6          NaN     HARD","logger":"task.stdout"}
{"timestamp":"2026-09-10T04:05:13.584053Z","level":"info","event":"   2026 Italian Grand Prix            R         NOR           6         6          NaN     HARD","logger":"task.stdout"}
{"timestamp":"2026-09-10T04:05:13.584106Z","level":"info","event":"   2026 Italian Grand Prix            R         NOR           7         7      86993.0     HARD","logger":"task.stdout"}
{"timestamp":"2026-09-10T04:05:13.584156Z","level":"info","event":"   2026 Italian Grand Prix            R         NOR           8         7      86433.0     HARD","logger":"task.stdout"}
{"timestamp":"2026-09-10T04:05:13.584206Z","level":"info","event":"   2026 Italian Grand Prix            R         NOR           9         7      86203.0     HARD","logger":"task.stdout"}
{"timestamp":"2026-09-10T04:05:13.584258Z","level":"info","event":"   2026 Italian Grand Prix            R         NOR          10         7      86591.0     HARD","logger":"task.stdout"}
{"timestamp":"2026-09-10T04:05:13.584312Z","level":"info","event":"","logger":"task.stdout"}
{"timestamp":"2026-09-10T04:05:13.584368Z","level":"info","event":"Table schema:","logger":"task.stdout"}
{"timestamp":"2026-09-10T04:05:13.584422Z","level":"info","event":"table {","logger":"task.stdout"}
{"timestamp":"2026-09-10T04:05:13.584475Z","level":"info","event":"  1: season: optional int","logger":"task.stdout"}
{"timestamp":"2026-09-10T04:05:13.584524Z","level":"info","event":"  2: event_name: optional string","logger":"task.stdout"}
{"timestamp":"2026-09-10T04:05:13.584573Z","level":"info","event":"  3: event_slug: optional string","logger":"task.stdout"}
{"timestamp":"2026-09-10T04:05:13.584625Z","level":"info","event":"  4: session_type: optional string","logger":"task.stdout"}
{"timestamp":"2026-09-10T04:05:13.584675Z","level":"info","event":"  5: driver_code: optional string","logger":"task.stdout"}
{"timestamp":"2026-09-10T04:05:13.584722Z","level":"info","event":"  6: driver_number: optional string","logger":"task.stdout"}
{"timestamp":"2026-09-10T04:05:13.584772Z","level":"info","event":"  7: team_name: optional string","logger":"task.stdout"}
{"timestamp":"2026-09-10T04:05:13.584819Z","level":"info","event":"  8: lap_number: optional int","logger":"task.stdout"}
{"timestamp":"2026-09-10T04:05:13.584878Z","level":"info","event":"  9: stint: optional int","logger":"task.stdout"}
{"timestamp":"2026-09-10T04:05:13.584924Z","level":"info","event":"  10: position: optional int","logger":"task.stdout"}
{"timestamp":"2026-09-10T04:05:13.584975Z","level":"info","event":"  11: lap_time_ms: optional long","logger":"task.stdout"}
{"timestamp":"2026-09-10T04:05:13.585028Z","level":"info","event":"  12: sector_1_ms: optional long","logger":"task.stdout"}
{"timestamp":"2026-09-10T04:05:13.585072Z","level":"info","event":"  13: sector_2_ms: optional long","logger":"task.stdout"}
{"timestamp":"2026-09-10T04:05:13.585117Z","level":"info","event":"  14: sector_3_ms: optional long","logger":"task.stdout"}
{"timestamp":"2026-09-10T04:05:13.585162Z","level":"info","event":"  15: speed_i1: optional double","logger":"task.stdout"}
{"timestamp":"2026-09-10T04:05:13.585207Z","level":"info","event":"  16: speed_i2: optional double","logger":"task.stdout"}
{"timestamp":"2026-09-10T04:05:13.585250Z","level":"info","event":"  17: speed_fl: optional double","logger":"task.stdout"}
{"timestamp":"2026-09-10T04:05:13.585294Z","level":"info","event":"  18: speed_st: optional double","logger":"task.stdout"}
{"timestamp":"2026-09-10T04:05:13.585364Z","level":"info","event":"  19: compound: optional string","logger":"task.stdout"}
{"timestamp":"2026-09-10T04:05:13.585415Z","level":"info","event":"  20: tyre_life: optional double","logger":"task.stdout"}
{"timestamp":"2026-09-10T04:05:13.585461Z","level":"info","event":"  21: fresh_tyre: optional boolean","logger":"task.stdout"}
{"timestamp":"2026-09-10T04:05:13.585504Z","level":"info","event":"  22: track_status: optional string","logger":"task.stdout"}
{"timestamp":"2026-09-10T04:05:13.585547Z","level":"info","event":"  23: is_personal_best: optional boolean","logger":"task.stdout"}
{"timestamp":"2026-09-10T04:05:13.585591Z","level":"info","event":"  24: is_accurate: optional boolean","logger":"task.stdout"}
{"timestamp":"2026-09-10T04:05:13.585636Z","level":"info","event":"  25: deleted: optional boolean","logger":"task.stdout"}
{"timestamp":"2026-09-10T04:05:13.585679Z","level":"info","event":"  26: deleted_reason: optional string","logger":"task.stdout"}
{"timestamp":"2026-09-10T04:05:13.585722Z","level":"info","event":"  27: lap_start_date: optional timestamptz","logger":"task.stdout"}
{"timestamp":"2026-09-10T04:05:13.585765Z","level":"info","event":"  28: source_system: optional string","logger":"task.stdout"}
{"timestamp":"2026-09-10T04:05:13.585806Z","level":"info","event":"  29: ingested_at: optional timestamptz","logger":"task.stdout"}
{"timestamp":"2026-09-10T04:05:13.585856Z","level":"info","event":"}","logger":"task.stdout"}
{"timestamp":"2026-09-10T04:05:13.585900Z","level":"info","event":"","logger":"task.stdout"}
{"timestamp":"2026-09-10T04:05:13.585945Z","level":"info","event":"Current snapshot ID: 8033814366812791203","logger":"task.stdout"}
{"timestamp":"2026-09-10T04:05:13.585990Z","level":"info","event":"","logger":"task.stdout"}
{"timestamp":"2026-09-10T04:05:13.586033Z","level":"info","event":"======================================================================","logger":"task.stdout"}
{"timestamp":"2026-09-10T04:05:13.586079Z","level":"info","event":"BRONZE PROMOTION COMPLETE","logger":"task.stdout"}
{"timestamp":"2026-09-10T04:05:13.586122Z","level":"info","event":"======================================================================","logger":"task.stdout"}
{"timestamp":"2026-09-10T04:05:13.586168Z","level":"info","event":"Table: bronze.laps","logger":"task.stdout"}
{"timestamp":"2026-09-10T04:05:13.893095Z","level":"info","event":"Done. Returned value was: None","try_number":1,"run_id":"manual__2026-09-10T04:05:00.977350+00:00","task_id":"promote_laps","dag_id":"f1_lakehouse_pipeline","ti_id":"01a0897d-89d9-7978-b026-958e2d69b698","map_index":-1,"logger":"airflow.task.operators.airflow.providers.standard.decorators.python._PythonDecoratedOperator","filename":"python.py","lineno":233}
{"timestamp":"2026-09-10T04:05:13.893357Z","level":"info","event":"::group::Post Execute","try_number":1,"run_id":"manual__2026-09-10T04:05:00.977350+00:00","task_id":"promote_laps","dag_id":"f1_lakehouse_pipeline","ti_id":"01a0897d-89d9-7978-b026-958e2d69b698","map_index":-1,"logger":"task","filename":"task_runner.py","lineno":1580}
{"timestamp":"2026-09-10T04:05:13.920388Z","level":"info","event":"::endgroup::","try_number":1,"run_id":"manual__2026-09-10T04:05:00.977350+00:00","task_id":"promote_laps","dag_id":"f1_lakehouse_pipeline","ti_id":"01a0897d-89d9-7978-b026-958e2d69b698","map_index":-1,"logger":"task","filename":"task_runner.py","lineno":2379}
