{"timestamp":"2026-09-10T04:05:11.642741Z","level":"info","event":"::group::Pre Execute","logger":"task","filename":"task_runner.py","lineno":2412}
{"timestamp":"2026-09-10T04:05:11.711262Z","level":"info","event":"DAG bundles loaded: dags-folder","task_id":"promote_weather","ti_id":"01a0897d-89db-7794-b1b2-a18253ad2de9","try_number":1,"dag_id":"f1_lakehouse_pipeline","run_id":"manual__2026-09-10T04:05:00.977350+00:00","map_index":-1,"logger":"airflow.dag_processing.bundles.manager.DagBundlesManager","filename":"manager.py","lineno":304}
{"timestamp":"2026-09-10T04:05:11.711944Z","level":"info","event":"Filling up the DagBag from /opt/airflow/dags/f1_lakehouse_pipeline.py","task_id":"promote_weather","ti_id":"01a0897d-89db-7794-b1b2-a18253ad2de9","try_number":1,"dag_id":"f1_lakehouse_pipeline","run_id":"manual__2026-09-10T04:05:00.977350+00:00","map_index":-1,"logger":"airflow.dag_processing.dagbag.BundleDagBag","filename":"dagbag.py","lineno":460}
{"timestamp":"2026-09-10T04:05:11.753973Z","level":"info","event":"Worker startup parse complete","bundle_name":"dags-folder","bundle_version":null,"dag_file":"f1_lakehouse_pipeline.py","dag_id":"f1_lakehouse_pipeline","bundle_prepare_ms":1,"dag_file_parse_ms":42,"task_id":"promote_weather","ti_id":"01a0897d-89db-7794-b1b2-a18253ad2de9","try_number":1,"run_id":"manual__2026-09-10T04:05:00.977350+00:00","map_index":-1,"logger":"task","filename":"task_runner.py","lineno":1073}
{"timestamp":"2026-09-10T04:05:11.809361Z","level":"info","event":"::endgroup::","task_id":"promote_weather","ti_id":"01a0897d-89db-7794-b1b2-a18253ad2de9","try_number":1,"dag_id":"f1_lakehouse_pipeline","run_id":"manual__2026-09-10T04:05:00.977350+00:00","map_index":-1,"logger":"task","filename":"task_runner.py","lineno":2232}
{"timestamp":"2026-09-10T04:05:11.811696Z","level":"info","event":"Executing: /opt/airflow/venvs/pipeline/bin/python src/iceberg/promote_bronze.py --dataset weather --year 2026 --event Italian Grand Prix --session R","logger":"task.stdout"}
{"timestamp":"2026-09-10T04:05:13.502250Z","level":"info","event":"","logger":"task.stdout"}
{"timestamp":"2026-09-10T04:05:13.502615Z","level":"info","event":"======================================================================","logger":"task.stdout"}
{"timestamp":"2026-09-10T04:05:13.502815Z","level":"info","event":"RAW READ","logger":"task.stdout"}
{"timestamp":"2026-09-10T04:05:13.503011Z","level":"info","event":"======================================================================","logger":"task.stdout"}
{"timestamp":"2026-09-10T04:05:13.503202Z","level":"info","event":"s3://f1-raw/season=2026/event=italian-grand-prix/session=R/weather.parquet","logger":"task.stdout"}
{"timestamp":"2026-09-10T04:05:13.503386Z","level":"info","event":"Rows:    176","logger":"task.stdout"}
{"timestamp":"2026-09-10T04:05:13.503556Z","level":"info","event":"Columns: 8","logger":"task.stdout"}
{"timestamp":"2026-09-10T04:05:13.503723Z","level":"info","event":"","logger":"task.stdout"}
{"timestamp":"2026-09-10T04:05:13.503919Z","level":"info","event":"======================================================================","logger":"task.stdout"}
{"timestamp":"2026-09-10T04:05:13.504096Z","level":"info","event":"NORMALIZATION","logger":"task.stdout"}
{"timestamp":"2026-09-10T04:05:13.504254Z","level":"info","event":"======================================================================","logger":"task.stdout"}
{"timestamp":"2026-09-10T04:05:13.504407Z","level":"info","event":"Normalized rows:    176","logger":"task.stdout"}
{"timestamp":"2026-09-10T04:05:13.504562Z","level":"info","event":"Normalized columns: 14","logger":"task.stdout"}
{"timestamp":"2026-09-10T04:05:13.504740Z","level":"info","event":"","logger":"task.stdout"}
{"timestamp":"2026-09-10T04:05:13.504921Z","level":"info","event":"======================================================================","logger":"task.stdout"}
{"timestamp":"2026-09-10T04:05:13.505099Z","level":"info","event":"ICEBERG","logger":"task.stdout"}
{"timestamp":"2026-09-10T04:05:13.505265Z","level":"info","event":"======================================================================","logger":"task.stdout"}
{"timestamp":"2026-09-10T04:05:13.505443Z","level":"info","event":"Writing 176 rows with dynamic partition overwrite...","logger":"task.stdout"}
{"timestamp":"2026-09-10T04:05:13.505614Z","level":"info","event":"Commit successful.","logger":"task.stdout"}
{"timestamp":"2026-09-10T04:05:13.505760Z","level":"info","event":"","logger":"task.stdout"}
{"timestamp":"2026-09-10T04:05:13.505924Z","level":"info","event":"======================================================================","logger":"task.stdout"}
{"timestamp":"2026-09-10T04:05:13.506077Z","level":"info","event":"READ-BACK VALIDATION","logger":"task.stdout"}
{"timestamp":"2026-09-10T04:05:13.506226Z","level":"info","event":"======================================================================","logger":"task.stdout"}
{"timestamp":"2026-09-10T04:05:13.506386Z","level":"info","event":"Table: weather","logger":"task.stdout"}
{"timestamp":"2026-09-10T04:05:13.506529Z","level":"info","event":"Rows:  176","logger":"task.stdout"}
{"timestamp":"2026-09-10T04:05:13.506677Z","level":"info","event":"","logger":"task.stdout"}
{"timestamp":"2026-09-10T04:05:13.506818Z","level":"info","event":" season         event_name         event_slug session_type  session_time_ms  air_temp_c  humidity_pct  pressure_mbar  rainfall  track_temp_c  wind_direction_deg  wind_speed source_system                      ingested_at","logger":"task.stdout"}
{"timestamp":"2026-09-10T04:05:13.506989Z","level":"info","event":"   2026 Italian Grand Prix italian-grand-prix            R            16278        31.5          38.5         1000.8     False          55.0                 354         2.9        FastF1 2026-09-10 04:05:13.171387+00:00","logger":"task.stdout"}
{"timestamp":"2026-09-10T04:05:13.507135Z","level":"info","event":"   2026 Italian Grand Prix italian-grand-prix            R            76275        31.5          38.6         1000.8     False          54.8                 354         2.3        FastF1 2026-09-10 04:05:13.171387+00:00","logger":"task.stdout"}
{"timestamp":"2026-09-10T04:05:13.507283Z","level":"info","event":"   2026 Italian Grand Prix italian-grand-prix            R           136275        31.5          38.4         1000.8     False          54.8                 355         1.3        FastF1 2026-09-10 04:05:13.171387+00:00","logger":"task.stdout"}
{"timestamp":"2026-09-10T04:05:13.507430Z","level":"info","event":"   2026 Italian Grand Prix italian-grand-prix            R           196288        31.4          39.0         1000.8     False          55.2                 360         0.3        FastF1 2026-09-10 04:05:13.171387+00:00","logger":"task.stdout"}
{"timestamp":"2026-09-10T04:05:13.507574Z","level":"info","event":"   2026 Italian Grand Prix italian-grand-prix            R           256277        31.5          38.6         1000.7     False          55.1                 213         0.5        FastF1 2026-09-10 04:05:13.171387+00:00","logger":"task.stdout"}
{"timestamp":"2026-09-10T04:05:13.507718Z","level":"info","event":"","logger":"task.stdout"}
{"timestamp":"2026-09-10T04:05:13.507875Z","level":"info","event":"Snapshot ID: 8738236340564199375","logger":"task.stdout"}
{"timestamp":"2026-09-10T04:05:13.508025Z","level":"info","event":"","logger":"task.stdout"}
{"timestamp":"2026-09-10T04:05:13.508168Z","level":"info","event":"======================================================================","logger":"task.stdout"}
{"timestamp":"2026-09-10T04:05:13.508312Z","level":"info","event":"BRONZE PROMOTION COMPLETE","logger":"task.stdout"}
{"timestamp":"2026-09-10T04:05:13.508453Z","level":"info","event":"======================================================================","logger":"task.stdout"}
{"timestamp":"2026-09-10T04:05:13.508594Z","level":"info","event":"bronze.weather","logger":"task.stdout"}
{"timestamp":"2026-09-10T04:05:13.769558Z","level":"info","event":"Done. Returned value was: None","task_id":"promote_weather","ti_id":"01a0897d-89db-7794-b1b2-a18253ad2de9","try_number":1,"dag_id":"f1_lakehouse_pipeline","run_id":"manual__2026-09-10T04:05:00.977350+00:00","map_index":-1,"logger":"airflow.task.operators.airflow.providers.standard.decorators.python._PythonDecoratedOperator","filename":"python.py","lineno":233}
{"timestamp":"2026-09-10T04:05:13.769857Z","level":"info","event":"::group::Post Execute","task_id":"promote_weather","ti_id":"01a0897d-89db-7794-b1b2-a18253ad2de9","try_number":1,"dag_id":"f1_lakehouse_pipeline","run_id":"manual__2026-09-10T04:05:00.977350+00:00","map_index":-1,"logger":"task","filename":"task_runner.py","lineno":1580}
{"timestamp":"2026-09-10T04:05:13.792196Z","level":"info","event":"::endgroup::","task_id":"promote_weather","ti_id":"01a0897d-89db-7794-b1b2-a18253ad2de9","try_number":1,"dag_id":"f1_lakehouse_pipeline","run_id":"manual__2026-09-10T04:05:00.977350+00:00","map_index":-1,"logger":"task","filename":"task_runner.py","lineno":2379}
