{"timestamp":"2026-09-10T04:05:02.023276Z","level":"info","event":"::group::Pre Execute","logger":"task","filename":"task_runner.py","lineno":2412}
{"timestamp":"2026-09-10T04:05:05.320018Z","level":"info","event":"DAG bundles loaded: dags-folder","task_id":"ingest_session","dag_id":"f1_lakehouse_pipeline","map_index":-1,"try_number":1,"run_id":"manual__2026-09-10T04:05:00.977350+00:00","ti_id":"01a0897d-89d8-7ace-a64d-1409e04df68a","logger":"airflow.dag_processing.bundles.manager.DagBundlesManager","filename":"manager.py","lineno":304}
{"timestamp":"2026-09-10T04:05:05.320765Z","level":"info","event":"Filling up the DagBag from /opt/airflow/dags/f1_lakehouse_pipeline.py","task_id":"ingest_session","dag_id":"f1_lakehouse_pipeline","map_index":-1,"try_number":1,"run_id":"manual__2026-09-10T04:05:00.977350+00:00","ti_id":"01a0897d-89d8-7ace-a64d-1409e04df68a","logger":"airflow.dag_processing.dagbag.BundleDagBag","filename":"dagbag.py","lineno":460}
{"timestamp":"2026-09-10T04:05:05.411880Z","level":"info","event":"Worker startup parse complete","bundle_name":"dags-folder","bundle_version":null,"dag_file":"f1_lakehouse_pipeline.py","dag_id":"f1_lakehouse_pipeline","bundle_prepare_ms":3,"dag_file_parse_ms":91,"task_id":"ingest_session","map_index":-1,"try_number":1,"run_id":"manual__2026-09-10T04:05:00.977350+00:00","ti_id":"01a0897d-89d8-7ace-a64d-1409e04df68a","logger":"task","filename":"task_runner.py","lineno":1073}
{"timestamp":"2026-09-10T04:05:05.511665Z","level":"info","event":"::endgroup::","task_id":"ingest_session","dag_id":"f1_lakehouse_pipeline","map_index":-1,"try_number":1,"run_id":"manual__2026-09-10T04:05:00.977350+00:00","ti_id":"01a0897d-89d8-7ace-a64d-1409e04df68a","logger":"task","filename":"task_runner.py","lineno":2232}
{"timestamp":"2026-09-10T04:05:05.514611Z","level":"info","event":"Executing: /opt/airflow/venvs/pipeline/bin/python src/ingestion/ingest_session.py --year 2026 --event Italian Grand Prix --session R","logger":"task.stdout"}
{"timestamp":"2026-09-10T04:05:08.499076Z","level":"error","event":"core           INFO \tLoading data for Italian Grand Prix - Race [v3.8.3]","logger":"task.stderr"}
{"timestamp":"2026-09-10T04:05:08.499602Z","level":"error","event":"req            INFO \tUsing cached data for session_info","logger":"task.stderr"}
{"timestamp":"2026-09-10T04:05:08.500021Z","level":"error","event":"req            INFO \tUsing cached data for driver_info","logger":"task.stderr"}
{"timestamp":"2026-09-10T04:05:09.104161Z","level":"error","event":"req            INFO \tUsing cached data for session_status_data","logger":"task.stderr"}
{"timestamp":"2026-09-10T04:05:09.104532Z","level":"error","event":"req            INFO \tUsing cached data for lap_count","logger":"task.stderr"}
{"timestamp":"2026-09-10T04:05:09.104622Z","level":"error","event":"req            INFO \tUsing cached data for track_status_data","logger":"task.stderr"}
{"timestamp":"2026-09-10T04:05:09.108680Z","level":"error","event":"req            INFO \tUsing cached data for _extended_timing_data","logger":"task.stderr"}
{"timestamp":"2026-09-10T04:05:09.110010Z","level":"error","event":"req            INFO \tUsing cached data for timing_app_data","logger":"task.stderr"}
{"timestamp":"2026-09-10T04:05:09.110279Z","level":"error","event":"core           INFO \tProcessing timing data...","logger":"task.stderr"}
{"timestamp":"2026-09-10T04:05:10.427077Z","level":"error","event":"core        WARNING \tDriver 12 completed the race distance 00:00.013000 before the recorded end of the session.","logger":"task.stderr"}
{"timestamp":"2026-09-10T04:05:10.492921Z","level":"error","event":"req            INFO \tUsing cached data for weather_data","logger":"task.stderr"}
{"timestamp":"2026-09-10T04:05:10.494049Z","level":"error","event":"core           INFO \tFinished loading data for 22 drivers: ['12', '63', '3', '1', '81', '44', '10', '41', '43', '22', '5', '27', '55', '30', '87', '31', '23', '11', '77', '18', '14', '16']","logger":"task.stderr"}
{"timestamp":"2026-09-10T04:05:10.656864Z","level":"info","event":"","logger":"task.stdout"}
{"timestamp":"2026-09-10T04:05:10.657187Z","level":"info","event":"============================================================","logger":"task.stdout"}
{"timestamp":"2026-09-10T04:05:10.657316Z","level":"info","event":"FASTF1 EXTRACTION","logger":"task.stdout"}
{"timestamp":"2026-09-10T04:05:10.657422Z","level":"info","event":"============================================================","logger":"task.stdout"}
{"timestamp":"2026-09-10T04:05:10.657516Z","level":"info","event":"Season : 2026","logger":"task.stdout"}
{"timestamp":"2026-09-10T04:05:10.657610Z","level":"info","event":"Event  : Italian Grand Prix","logger":"task.stdout"}
{"timestamp":"2026-09-10T04:05:10.657706Z","level":"info","event":"Session: R","logger":"task.stdout"}
{"timestamp":"2026-09-10T04:05:10.657797Z","level":"info","event":"","logger":"task.stdout"}
{"timestamp":"2026-09-10T04:05:10.657904Z","level":"info","event":"============================================================","logger":"task.stdout"}
{"timestamp":"2026-09-10T04:05:10.657998Z","level":"info","event":"DATASETS","logger":"task.stdout"}
{"timestamp":"2026-09-10T04:05:10.658086Z","level":"info","event":"============================================================","logger":"task.stdout"}
{"timestamp":"2026-09-10T04:05:10.658174Z","level":"info","event":"Laps    : 1,054","logger":"task.stdout"}
{"timestamp":"2026-09-10T04:05:10.658261Z","level":"info","event":"Results : 22","logger":"task.stdout"}
{"timestamp":"2026-09-10T04:05:10.658349Z","level":"info","event":"Weather : 176","logger":"task.stdout"}
{"timestamp":"2026-09-10T04:05:10.658435Z","level":"info","event":"","logger":"task.stdout"}
{"timestamp":"2026-09-10T04:05:10.658530Z","level":"info","event":"============================================================","logger":"task.stdout"}
{"timestamp":"2026-09-10T04:05:10.658628Z","level":"info","event":"SEAWEEDFS UPLOAD","logger":"task.stdout"}
{"timestamp":"2026-09-10T04:05:10.658720Z","level":"info","event":"============================================================","logger":"task.stdout"}
{"timestamp":"2026-09-10T04:05:10.658815Z","level":"info","event":"Uploaded season=2026/event=italian-grand-prix/session=R/laps.parquet (1,054 rows)","logger":"task.stdout"}
{"timestamp":"2026-09-10T04:05:10.658925Z","level":"info","event":"Uploaded season=2026/event=italian-grand-prix/session=R/results.parquet (22 rows)","logger":"task.stdout"}
{"timestamp":"2026-09-10T04:05:10.659022Z","level":"info","event":"Uploaded season=2026/event=italian-grand-prix/session=R/weather.parquet (176 rows)","logger":"task.stdout"}
{"timestamp":"2026-09-10T04:05:10.659123Z","level":"info","event":"Uploaded season=2026/event=italian-grand-prix/session=R/metadata.json","logger":"task.stdout"}
{"timestamp":"2026-09-10T04:05:10.659220Z","level":"info","event":"","logger":"task.stdout"}
{"timestamp":"2026-09-10T04:05:10.659318Z","level":"info","event":"============================================================","logger":"task.stdout"}
{"timestamp":"2026-09-10T04:05:10.659415Z","level":"info","event":"INGESTION COMPLETE","logger":"task.stdout"}
{"timestamp":"2026-09-10T04:05:10.659508Z","level":"info","event":"============================================================","logger":"task.stdout"}
{"timestamp":"2026-09-10T04:05:10.659604Z","level":"info","event":"s3://f1-raw/season=2026/event=italian-grand-prix/session=R/","logger":"task.stdout"}
{"timestamp":"2026-09-10T04:05:10.892290Z","level":"info","event":"Done. Returned value was: None","task_id":"ingest_session","dag_id":"f1_lakehouse_pipeline","map_index":-1,"try_number":1,"run_id":"manual__2026-09-10T04:05:00.977350+00:00","ti_id":"01a0897d-89d8-7ace-a64d-1409e04df68a","logger":"airflow.task.operators.airflow.providers.standard.decorators.python._PythonDecoratedOperator","filename":"python.py","lineno":233}
{"timestamp":"2026-09-10T04:05:10.892601Z","level":"info","event":"::group::Post Execute","task_id":"ingest_session","dag_id":"f1_lakehouse_pipeline","map_index":-1,"try_number":1,"run_id":"manual__2026-09-10T04:05:00.977350+00:00","ti_id":"01a0897d-89d8-7ace-a64d-1409e04df68a","logger":"task","filename":"task_runner.py","lineno":1580}
{"timestamp":"2026-09-10T04:05:10.934418Z","level":"info","event":"::endgroup::","task_id":"ingest_session","dag_id":"f1_lakehouse_pipeline","map_index":-1,"try_number":1,"run_id":"manual__2026-09-10T04:05:00.977350+00:00","ti_id":"01a0897d-89d8-7ace-a64d-1409e04df68a","logger":"task","filename":"task_runner.py","lineno":2379}
