{"timestamp":"2026-09-10T04:05:11.638393Z","level":"info","event":"::group::Pre Execute","logger":"task","filename":"task_runner.py","lineno":2412}
{"timestamp":"2026-09-10T04:05:11.706430Z","level":"info","event":"DAG bundles loaded: dags-folder","run_id":"manual__2026-09-10T04:05:00.977350+00:00","task_id":"promote_results","dag_id":"f1_lakehouse_pipeline","ti_id":"01a0897d-89da-7fdd-80e8-8d9db42081bc","try_number":1,"map_index":-1,"logger":"airflow.dag_processing.bundles.manager.DagBundlesManager","filename":"manager.py","lineno":304}
{"timestamp":"2026-09-10T04:05:11.708020Z","level":"info","event":"Filling up the DagBag from /opt/airflow/dags/f1_lakehouse_pipeline.py","run_id":"manual__2026-09-10T04:05:00.977350+00:00","task_id":"promote_results","dag_id":"f1_lakehouse_pipeline","ti_id":"01a0897d-89da-7fdd-80e8-8d9db42081bc","try_number":1,"map_index":-1,"logger":"airflow.dag_processing.dagbag.BundleDagBag","filename":"dagbag.py","lineno":460}
{"timestamp":"2026-09-10T04:05:11.745967Z","level":"info","event":"Worker startup parse complete","bundle_name":"dags-folder","bundle_version":null,"dag_file":"f1_lakehouse_pipeline.py","dag_id":"f1_lakehouse_pipeline","bundle_prepare_ms":2,"dag_file_parse_ms":38,"run_id":"manual__2026-09-10T04:05:00.977350+00:00","task_id":"promote_results","ti_id":"01a0897d-89da-7fdd-80e8-8d9db42081bc","try_number":1,"map_index":-1,"logger":"task","filename":"task_runner.py","lineno":1073}
{"timestamp":"2026-09-10T04:05:11.815728Z","level":"info","event":"::endgroup::","run_id":"manual__2026-09-10T04:05:00.977350+00:00","task_id":"promote_results","dag_id":"f1_lakehouse_pipeline","ti_id":"01a0897d-89da-7fdd-80e8-8d9db42081bc","try_number":1,"map_index":-1,"logger":"task","filename":"task_runner.py","lineno":2232}
{"timestamp":"2026-09-10T04:05:11.817794Z","level":"info","event":"Executing: /opt/airflow/venvs/pipeline/bin/python src/iceberg/promote_bronze.py --dataset results --year 2026 --event Italian Grand Prix --session R","logger":"task.stdout"}
{"timestamp":"2026-09-10T04:05:13.741598Z","level":"info","event":"","logger":"task.stdout"}
{"timestamp":"2026-09-10T04:05:13.742034Z","level":"info","event":"======================================================================","logger":"task.stdout"}
{"timestamp":"2026-09-10T04:05:13.742253Z","level":"info","event":"RAW READ","logger":"task.stdout"}
{"timestamp":"2026-09-10T04:05:13.742442Z","level":"info","event":"======================================================================","logger":"task.stdout"}
{"timestamp":"2026-09-10T04:05:13.742615Z","level":"info","event":"s3://f1-raw/season=2026/event=italian-grand-prix/session=R/results.parquet","logger":"task.stdout"}
{"timestamp":"2026-09-10T04:05:13.742802Z","level":"info","event":"Rows:    22","logger":"task.stdout"}
{"timestamp":"2026-09-10T04:05:13.742997Z","level":"info","event":"Columns: 22","logger":"task.stdout"}
{"timestamp":"2026-09-10T04:05:13.743164Z","level":"info","event":"","logger":"task.stdout"}
{"timestamp":"2026-09-10T04:05:13.743337Z","level":"info","event":"======================================================================","logger":"task.stdout"}
{"timestamp":"2026-09-10T04:05:13.743502Z","level":"info","event":"NORMALIZATION","logger":"task.stdout"}
{"timestamp":"2026-09-10T04:05:13.743660Z","level":"info","event":"======================================================================","logger":"task.stdout"}
{"timestamp":"2026-09-10T04:05:13.743815Z","level":"info","event":"Normalized rows:    22","logger":"task.stdout"}
{"timestamp":"2026-09-10T04:05:13.743987Z","level":"info","event":"Normalized columns: 21","logger":"task.stdout"}
{"timestamp":"2026-09-10T04:05:13.744144Z","level":"info","event":"","logger":"task.stdout"}
{"timestamp":"2026-09-10T04:05:13.744306Z","level":"info","event":"======================================================================","logger":"task.stdout"}
{"timestamp":"2026-09-10T04:05:13.744469Z","level":"info","event":"ICEBERG","logger":"task.stdout"}
{"timestamp":"2026-09-10T04:05:13.744634Z","level":"info","event":"======================================================================","logger":"task.stdout"}
{"timestamp":"2026-09-10T04:05:13.744821Z","level":"info","event":"Writing 22 rows with dynamic partition overwrite...","logger":"task.stdout"}
{"timestamp":"2026-09-10T04:05:13.745025Z","level":"info","event":"Commit successful.","logger":"task.stdout"}
{"timestamp":"2026-09-10T04:05:13.745212Z","level":"info","event":"","logger":"task.stdout"}
{"timestamp":"2026-09-10T04:05:13.745376Z","level":"info","event":"======================================================================","logger":"task.stdout"}
{"timestamp":"2026-09-10T04:05:13.745545Z","level":"info","event":"READ-BACK VALIDATION","logger":"task.stdout"}
{"timestamp":"2026-09-10T04:05:13.745712Z","level":"info","event":"======================================================================","logger":"task.stdout"}
{"timestamp":"2026-09-10T04:05:13.745885Z","level":"info","event":"Table: results","logger":"task.stdout"}
{"timestamp":"2026-09-10T04:05:13.746040Z","level":"info","event":"Rows:  22","logger":"task.stdout"}
{"timestamp":"2026-09-10T04:05:13.746188Z","level":"info","event":"","logger":"task.stdout"}
{"timestamp":"2026-09-10T04:05:13.746338Z","level":"info","event":" season         event_name         event_slug session_type driver_number driver_code      driver_id first_name  last_name      full_name country_code       team_name  team_id  position classified_position  grid_position   status  points  result_time_ms source_system                      ingested_at","logger":"task.stdout"}
{"timestamp":"2026-09-10T04:05:13.746499Z","level":"info","event":"   2026 Italian Grand Prix italian-grand-prix            R            12         ANT      antonelli       Kimi  Antonelli Kimi Antonelli                     Mercedes mercedes         1                   1             19 Finished    25.0         6675281        FastF1 2026-09-10 04:05:13.377540+00:00","logger":"task.stdout"}
{"timestamp":"2026-09-10T04:05:13.746655Z","level":"info","event":"   2026 Italian Grand Prix italian-grand-prix            R            63         RUS        russell     George    Russell George Russell                     Mercedes mercedes         2                   2              2 Finished    18.0            3857        FastF1 2026-09-10 04:05:13.377540+00:00","logger":"task.stdout"}
{"timestamp":"2026-09-10T04:05:13.746821Z","level":"info","event":"   2026 Italian Grand Prix italian-grand-prix            R             3         VER max_verstappen        Max Verstappen Max Verstappen              Red Bull Racing red_bull         3                   3              5 Finished    15.0           14718        FastF1 2026-09-10 04:05:13.377540+00:00","logger":"task.stdout"}
{"timestamp":"2026-09-10T04:05:13.747065Z","level":"info","event":"   2026 Italian Grand Prix italian-grand-prix            R             1         NOR         norris      Lando     Norris   Lando Norris                      McLaren  mclaren         4                   4              8 Finished    12.0           19056        FastF1 2026-09-10 04:05:13.377540+00:00","logger":"task.stdout"}
{"timestamp":"2026-09-10T04:05:13.747228Z","level":"info","event":"   2026 Italian Grand Prix italian-grand-prix            R            81         PIA        piastri      Oscar    Piastri  Oscar Piastri                      McLaren  mclaren         5                   5              6 Finished    10.0           19253        FastF1 2026-09-10 04:05:13.377540+00:00","logger":"task.stdout"}
{"timestamp":"2026-09-10T04:05:13.747395Z","level":"info","event":"","logger":"task.stdout"}
{"timestamp":"2026-09-10T04:05:13.747559Z","level":"info","event":"Snapshot ID: 6070857705500161567","logger":"task.stdout"}
{"timestamp":"2026-09-10T04:05:13.747709Z","level":"info","event":"","logger":"task.stdout"}
{"timestamp":"2026-09-10T04:05:13.747880Z","level":"info","event":"======================================================================","logger":"task.stdout"}
{"timestamp":"2026-09-10T04:05:13.748032Z","level":"info","event":"BRONZE PROMOTION COMPLETE","logger":"task.stdout"}
{"timestamp":"2026-09-10T04:05:13.748203Z","level":"info","event":"======================================================================","logger":"task.stdout"}
{"timestamp":"2026-09-10T04:05:13.748360Z","level":"info","event":"bronze.results","logger":"task.stdout"}
{"timestamp":"2026-09-10T04:05:13.987956Z","level":"info","event":"Done. Returned value was: None","run_id":"manual__2026-09-10T04:05:00.977350+00:00","task_id":"promote_results","dag_id":"f1_lakehouse_pipeline","ti_id":"01a0897d-89da-7fdd-80e8-8d9db42081bc","try_number":1,"map_index":-1,"logger":"airflow.task.operators.airflow.providers.standard.decorators.python._PythonDecoratedOperator","filename":"python.py","lineno":233}
{"timestamp":"2026-09-10T04:05:13.988232Z","level":"info","event":"::group::Post Execute","run_id":"manual__2026-09-10T04:05:00.977350+00:00","task_id":"promote_results","dag_id":"f1_lakehouse_pipeline","ti_id":"01a0897d-89da-7fdd-80e8-8d9db42081bc","try_number":1,"map_index":-1,"logger":"task","filename":"task_runner.py","lineno":1580}
{"timestamp":"2026-09-10T04:05:14.007390Z","level":"info","event":"::endgroup::","run_id":"manual__2026-09-10T04:05:00.977350+00:00","task_id":"promote_results","dag_id":"f1_lakehouse_pipeline","ti_id":"01a0897d-89da-7fdd-80e8-8d9db42081bc","try_number":1,"map_index":-1,"logger":"task","filename":"task_runner.py","lineno":2379}
